MPLINK 5.09, LINKER
Linker Map File - Created Thu Nov 24 18:07:09 2022

                                 Section Info
                  Section       Type    Address   Location Size(Bytes)
                ---------  ---------  ---------  ---------  ---------
               rst_vector       code   0x000000    program   0x000006
                   .cinit    romdata   0x000003    program   0x000004
                    .code       code   0x000005    program   0x000166
.config_2007_BUILD/DEFAULT/PRODUCTION/MAIN.O       code   0x002007    program   0x000002
.config_2008_BUILD/DEFAULT/PRODUCTION/MAIN.O       code   0x002008    program   0x000002
               .udata_shr      udata   0x000070       data   0x000008



                              Program Memory Usage 
                               Start         End      
                           ---------   ---------      
                            0x000000    0x0000b7      
                            0x002007    0x002008      
            186 out of 8455 program addresses used, program memory utilization is 2%



                              Symbols - Sorted by Name
                     Name    Address   Location    Storage File                     
                ---------  ---------  ---------  --------- ---------                
          compute_decimal   0x000090    program     static C:\Users\cheik\OneDrive\Desktop\Temp_evaluation.X\main.asm
             compute_temp   0x000083    program     static C:\Users\cheik\OneDrive\Desktop\Temp_evaluation.X\main.asm
                end_div10   0x000098    program     static C:\Users\cheik\OneDrive\Desktop\Temp_evaluation.X\main.asm
                 end_div3   0x00008f    program     static C:\Users\cheik\OneDrive\Desktop\Temp_evaluation.X\main.asm
            init_hardware   0x00001b    program     static C:\Users\cheik\OneDrive\Desktop\Temp_evaluation.X\main.asm
               load_timer   0x000075    program     static C:\Users\cheik\OneDrive\Desktop\Temp_evaluation.X\main.asm
               loop_div10   0x000091    program     static C:\Users\cheik\OneDrive\Desktop\Temp_evaluation.X\main.asm
                loop_div3   0x000088    program     static C:\Users\cheik\OneDrive\Desktop\Temp_evaluation.X\main.asm
                main_loop   0x000008    program     static C:\Users\cheik\OneDrive\Desktop\Temp_evaluation.X\main.asm
             print_eusart   0x0000a6    program     static C:\Users\cheik\OneDrive\Desktop\Temp_evaluation.X\main.asm
                    start   0x000005    program     static C:\Users\cheik\OneDrive\Desktop\Temp_evaluation.X\main.asm
                 wait_adc   0x000011    program     static C:\Users\cheik\OneDrive\Desktop\Temp_evaluation.X\main.asm
              wait_buffer   0x0000b1    program     static C:\Users\cheik\OneDrive\Desktop\Temp_evaluation.X\main.asm
               wait_usart   0x0000a9    program     static C:\Users\cheik\OneDrive\Desktop\Temp_evaluation.X\main.asm
             print_buffer   0x000073       data     static C:\Users\cheik\OneDrive\Desktop\Temp_evaluation.X\main.asm
              temperature   0x000071       data     static C:\Users\cheik\OneDrive\Desktop\Temp_evaluation.X\main.asm
                      tmp   0x000070       data     static C:\Users\cheik\OneDrive\Desktop\Temp_evaluation.X\main.asm
            usart_counter   0x000072       data     static C:\Users\cheik\OneDrive\Desktop\Temp_evaluation.X\main.asm



                              Symbols - Sorted by Address
                     Name    Address   Location    Storage File                     
                ---------  ---------  ---------  --------- ---------                
                    start   0x000005    program     static C:\Users\cheik\OneDrive\Desktop\Temp_evaluation.X\main.asm
                main_loop   0x000008    program     static C:\Users\cheik\OneDrive\Desktop\Temp_evaluation.X\main.asm
                 wait_adc   0x000011    program     static C:\Users\cheik\OneDrive\Desktop\Temp_evaluation.X\main.asm
            init_hardware   0x00001b    program     static C:\Users\cheik\OneDrive\Desktop\Temp_evaluation.X\main.asm
               load_timer   0x000075    program     static C:\Users\cheik\OneDrive\Desktop\Temp_evaluation.X\main.asm
             compute_temp   0x000083    program     static C:\Users\cheik\OneDrive\Desktop\Temp_evaluation.X\main.asm
                loop_div3   0x000088    program     static C:\Users\cheik\OneDrive\Desktop\Temp_evaluation.X\main.asm
                 end_div3   0x00008f    program     static C:\Users\cheik\OneDrive\Desktop\Temp_evaluation.X\main.asm
          compute_decimal   0x000090    program     static C:\Users\cheik\OneDrive\Desktop\Temp_evaluation.X\main.asm
               loop_div10   0x000091    program     static C:\Users\cheik\OneDrive\Desktop\Temp_evaluation.X\main.asm
                end_div10   0x000098    program     static C:\Users\cheik\OneDrive\Desktop\Temp_evaluation.X\main.asm
             print_eusart   0x0000a6    program     static C:\Users\cheik\OneDrive\Desktop\Temp_evaluation.X\main.asm
               wait_usart   0x0000a9    program     static C:\Users\cheik\OneDrive\Desktop\Temp_evaluation.X\main.asm
              wait_buffer   0x0000b1    program     static C:\Users\cheik\OneDrive\Desktop\Temp_evaluation.X\main.asm
                      tmp   0x000070       data     static C:\Users\cheik\OneDrive\Desktop\Temp_evaluation.X\main.asm
              temperature   0x000071       data     static C:\Users\cheik\OneDrive\Desktop\Temp_evaluation.X\main.asm
            usart_counter   0x000072       data     static C:\Users\cheik\OneDrive\Desktop\Temp_evaluation.X\main.asm
             print_buffer   0x000073       data     static C:\Users\cheik\OneDrive\Desktop\Temp_evaluation.X\main.asm


